// Jest Snapshot v1, https://goo.gl/fbAQLP

exports[`Storyshots Base|Footer headers 1`] = `
.c0 {
  margin-top: auto;
  display: -webkit-box;
  display: -webkit-flex;
  display: -ms-flexbox;
  display: flex;
  -webkit-flex-direction: column;
  -ms-flex-direction: column;
  flex-direction: column;
  -webkit-align-items: center;
  -webkit-box-align: center;
  -ms-flex-align: center;
  align-items: center;
  -webkit-box-pack: center;
  -webkit-justify-content: center;
  -ms-flex-pack: center;
  justify-content: center;
  padding: 0.5rem;
}

.c1 {
  margin-left: 1rem;
}

<footer
  className="c0"
>
  <a
    className="c1"
    href="https://www.appnroll.com/"
    title="App'n'roll"
  >
    <test-file-stub />
  </a>
</footer>
`;

exports[`Storyshots Base|Header headers 1`] = `
.c0 {
  margin: 0 auto;
  max-width: 960px;
  padding: 1.45rem 1.0875rem;
  display: -webkit-box;
  display: -webkit-flex;
  display: -ms-flexbox;
  display: flex;
  -webkit-align-items: center;
  -webkit-box-align: center;
  -ms-flex-align: center;
  align-items: center;
  -webkit-box-pack: justify;
  -webkit-justify-content: space-between;
  -ms-flex-pack: justify;
  justify-content: space-between;
}

.c2 {
  display: -webkit-box;
  display: -webkit-flex;
  display: -ms-flexbox;
  display: flex;
  -webkit-align-items: center;
  -webkit-box-align: center;
  -ms-flex-align: center;
  align-items: center;
  font-size: 1rem;
}

.c1 {
  color: black;
  -webkit-text-decoration: none;
  text-decoration: none;
}

.c3 {
  margin-right: 0.5rem;
}

.c4 {
  margin-left: 0;
  padding: 0;
  list-style: none;
  display: -webkit-box;
  display: -webkit-flex;
  display: -ms-flexbox;
  display: flex;
}

.c5 {
  margin-right: 1rem;
}

.c6 {
  position: relative;
  color: red;
  -webkit-text-decoration: none;
  text-decoration: none;
}

.c6::before {
  position: absolute;
  left: 50%;
  -webkit-transform: translateX(-50%);
  -ms-transform: translateX(-50%);
  transform: translateX(-50%);
  content: "";
  width: 0;
  height: 0;
  opacity: 0;
  pointer-events: none;
}

.c6::before {
  top: calc(100% + 10px);
  border-left: 5px solid transparent;
  border-right: 5px solid transparent;
  border-top: 10px solid #f00;
}

.c6.active::before,
.c6:hover::before {
  opacity: 1;
}

.c7 {
  padding: 1rem;
  border: none;
  background-color: red;
  line-height: 1;
  color: #fff;
}

<div
  style={
    Object {
      "boxShadow": "rgba(102, 119, 136, 0.03) 0px 6px 8px, rgba(102, 119, 136, 0.3) 0px 1px 2px",
      "maxHeight": "70vh",
      "maxWidth": "70vw",
      "overflow": "auto",
      "padding": "30px",
    }
  }
>
  <header>
    <div
      className="c0"
    >
      <a
        className="c1"
        href="/"
      >
        <h1
          className="c2"
        >
          <test-file-stub
            className="c3"
          />
          <span>
            Title
          </span>
        </h1>
      </a>
      <nav>
        <ul
          className="c4"
        >
          <li
            className="c5"
          >
            <a
              className="c6"
              href="/blog"
            >
              Blog
            </a>
          </li>
          <li
            className="c5"
          >
            <a
              className="c6"
              href="/developers"
            >
              Developers
            </a>
          </li>
          <li
            className="c5"
          >
            <a
              className="c6"
              href="/technologies"
            >
              Technologies
            </a>
          </li>
          <li
            className="c5"
          >
            <a
              className="c6"
              href="/styleguide"
            >
              Code Styleguide
            </a>
          </li>
          <li
            className="c5"
          >
            <a
              className="c6"
              href="/guide"
            >
              Guide
            </a>
          </li>
          <li
            className="c5"
          >
            <a
              className="c6"
              href="/resources"
            >
              Resources
            </a>
          </li>
        </ul>
      </nav>
      <button
        className="c7"
      >
        Login
      </button>
    </div>
  </header>
</div>
`;
